<html>
<body>
<pre>
<h1>µVision Build Log</h1>
<h2>Tool Versions:</h2>
IDE-Version: ¦ÌVision V5.40.0.0
Copyright (C) 2024 ARM Ltd and ARM Germany GmbH. All rights reserved.
License Information: WJ HU, GD, LIC=----
 
Tool Versions:
Toolchain:       MDK-Lite  Version: 5.40.0.3
Toolchain Path:  C:\Users\weijie.huang\AppData\Local\Keil_v5\ARM\ARMCC\Bin
C Compiler:      Armcc.exe V5.06 update 6 (build 750)
Assembler:       Armasm.exe V5.06 update 6 (build 750)
Linker/Locator:  ArmLink.exe V5.06 update 6 (build 750)
Library Manager: ArmAr.exe V5.06 update 6 (build 750)
Hex Converter:   FromElf.exe V5.06 update 6 (build 750)
CPU DLL:         SARMCM3.DLL V5.40.0.3
Dialog DLL:      DCM.DLL V1.17.5.0
Target DLL:      Segger\JL2CM3.dll V2.99.44.0
Dialog DLL:      TCM.DLL V1.56.4.0
 
<h2>Project:</h2>
D:\STU\NFTL\GD32F4xx_Demo_Suites_V2.6.4\GD32F4xx_Demo_Suites_V2.6.4\GD32450I_EVAL_Demo_Suites\Projects\GDNFTL\MDK-ARM\Project.uvproj
Project File Date:  08/12/2024

<h2>Output:</h2>
*** Using Compiler 'V5.06 update 6 (build 750)', folder: 'C:\Users\weijie.huang\AppData\Local\Keil_v5\ARM\ARMCC\Bin'
Rebuild target 'GD32450I_EVAL'
compiling gd32f4xx_crc.c...
compiling systick.c...
compiling gd32f4xx_ctc.c...
compiling gd32f4xx_dbg.c...
compiling gd32f4xx_it.c...
compiling main.c...
compiling system_gd32f4xx.c...
compiling test.c...
..\test.c(30): warning:  #177-D: variable "i"  was declared but never referenced
      uint16_t i;
..\test.c(31): warning:  #177-D: variable "j"  was declared but never referenced
  	uint8_t j;
..\test.c(67): warning:  #177-D: variable "j"  was declared but never referenced
  	uint8_t j;
..\test.c: 3 warnings, 0 errors
compiling gd32f4xx_dac.c...
compiling gd32f4xx_can.c...
compiling gd32f4xx_adc.c...
compiling gd32f4xx_dci.c...
compiling gd32f4xx_exti.c...
compiling gd32f4xx_gpio.c...
compiling gd32f4xx_fwdgt.c...
compiling gd32f4xx_iref.c...
compiling gd32f4xx_dma.c...
compiling gd32f4xx_ipa.c...
compiling gd32f4xx_exmc.c...
compiling gd32f4xx_i2c.c...
compiling gd32f4xx_fmc.c...
compiling gd32f4xx_enet.c...
compiling gd32f4xx_misc.c...
compiling gd32f4xx_pmu.c...
compiling gd32f4xx_trng.c...
compiling gd32f4xx_syscfg.c...
compiling gd32f4xx_spi.c...
compiling gd32f4xx_sdio.c...
compiling gd32f4xx_tli.c...
compiling gd32f4xx_rcu.c...
compiling gd32f4xx_rtc.c...
compiling gd32f4xx_usart.c...
compiling gd32f4xx_timer.c...
assembling startup_gd32f450_470.s...
compiling gd32f4xx_wwdgt.c...
compiling gd32f450i_eval.c...
compiling gd5f1gxx.c...
..\Soft_Drive\gd5f1gxx.c(35): warning:  #47-D: incompatible redefinition of macro "WL_THRESHOLD"  (declared at line 102 of "..\Soft_Drive\gdnftl.h")
  #define WL_THRESHOLD 5
..\Soft_Drive\gd5f1gxx.c: 1 warning, 0 errors
compiling gdnftl.c...
..\Soft_Drive\gdnftl.c(38): warning:  #47-D: incompatible redefinition of macro "WL_THRESHOLD"  (declared at line 102 of "..\Soft_Drive\gdnftl.h")
  #define WL_THRESHOLD 5
..\Soft_Drive\gdnftl.c(202): warning:  #177-D: variable "i"  was declared but never referenced
  	uint16_t i = 0;
..\Soft_Drive\gdnftl.c(351): warning:  #940-D: missing return statement at end of non-void function "nandflash_page_read" 
  }
..\Soft_Drive\gdnftl.c(386): warning:  #177-D: variable "proper_block"  was declared but never referenced
      uint16_t proper_block;
..\Soft_Drive\gdnftl.c(973): warning:  #940-D: missing return statement at end of non-void function "table_block_replacement" 
  }
..\Soft_Drive\gdnftl.c(1479): warning:  #177-D: variable "i"  was declared but never referenced
      uint16_t i;
..\Soft_Drive\gdnftl.c(1500): warning:  #177-D: variable "is_bad_block"  was declared but never referenced
          bool is_bad_block = false;
..\Soft_Drive\gdnftl.c(1613): warning:  #177-D: variable "i"  was declared but never referenced
      uint16_t i, block;
..\Soft_Drive\gdnftl.c(1616): warning:  #177-D: variable "skip"  was declared but never referenced
      bool skip = false;
..\Soft_Drive\gdnftl.c(1794): warning:  #177-D: variable "tem_buffer_test"  was declared but never referenced
      uint8_t tem_buffer_test[SPI_NAND_PAGE_TOTAL_SIZE];
..\Soft_Drive\gdnftl.c(1701): warning:  #177-D: function "set_ABT"  was declared but never referenced
  static void set_ABT(uint16_t block_No, uint16_t value){
..\Soft_Drive\gdnftl.c(1712): warning:  #177-D: function "get_ABT"  was declared but never referenced
  static uint16_t get_ABT(uint16_t block_No){
..\Soft_Drive\gdnftl.c(1723): warning:  #177-D: function "set_BST"  was declared but never referenced
  static void set_BST(uint16_t block_No, uint16_t value){
..\Soft_Drive\gdnftl.c(1583): warning:  #177-D: function "get_empty_block"  was declared but never referenced
  static uint16_t get_empty_block(bool *array, size_t size, uint16_t ori_block) {
..\Soft_Drive\gdnftl.c(1562): warning:  #177-D: function "get_empty_block_num"  was declared but never referenced
  static uint16_t get_empty_block_num(bool *array) {
..\Soft_Drive\gdnftl.c: 15 warnings, 0 errors
linking...
Program Size: Code=11072 RO-data=948 RW-data=160 ZI-data=18192  
FromELF: creating hex file...
".\output\gdnftl.axf" - 0 Error(s), 19 Warning(s).
Build Time Elapsed:  00:00:05
</pre>
</body>
</html>
