<html>
<body>
<pre>
<h1>µVision Build Log</h1>
<h2>Tool Versions:</h2>
IDE-Version: ¦ÌVision V5.40.0.0
Copyright (C) 2024 ARM Ltd and ARM Germany GmbH. All rights reserved.
License Information: WJ HU, GD, LIC=----
 
Tool Versions:
Toolchain:       MDK-Lite  Version: 5.40.0.3
Toolchain Path:  C:\Users\weijie.huang\AppData\Local\Keil_v5\ARM\ARMCC\Bin
C Compiler:      Armcc.exe V5.06 update 6 (build 750)
Assembler:       Armasm.exe V5.06 update 6 (build 750)
Linker/Locator:  ArmLink.exe V5.06 update 6 (build 750)
Library Manager: ArmAr.exe V5.06 update 6 (build 750)
Hex Converter:   FromElf.exe V5.06 update 6 (build 750)
CPU DLL:         SARMCM3.DLL V5.40.0.3
Dialog DLL:      DCM.DLL V1.17.5.0
Target DLL:      Segger\JL2CM3.dll V2.99.44.0
Dialog DLL:      TCM.DLL V1.56.4.0
 
<h2>Project:</h2>
D:\STU\NFTL\GD32F4xx_Demo_Suites_V2.6.4\GD32F4xx_Demo_Suites_V2.6.4\GD32450I_EVAL_Demo_Suites\Projects\GDNFTL\MDK-ARM\Project.uvprojx
Project File Date:  10/09/2024

<h2>Output:</h2>
*** Using Compiler 'V5.06 update 6 (build 750)', folder: 'C:\Users\weijie.huang\AppData\Local\Keil_v5\ARM\ARMCC\Bin'
Build target 'GD32450I_EVAL'
compiling gdnftl.c...
..\Soft_Drive\gdnftl.c(210): warning:  #177-D: variable "proper_block"  was declared but never referenced
      uint16_t proper_block;
..\Soft_Drive\gdnftl.c(211): warning:  #177-D: variable "i"  was declared but never referenced
  	uint16_t i = 0;
..\Soft_Drive\gdnftl.c(343): warning:  #940-D: missing return statement at end of non-void function "nandflash_page_read" 
  }
..\Soft_Drive\gdnftl.c(1006): warning:  #940-D: missing return statement at end of non-void function "table_block_replacement" 
  }
..\Soft_Drive\gdnftl.c(1512): warning:  #177-D: variable "i"  was declared but never referenced
      uint16_t i;
..\Soft_Drive\gdnftl.c(1533): warning:  #177-D: variable "is_bad_block"  was declared but never referenced
          bool is_bad_block = false;
..\Soft_Drive\gdnftl.c(1535): warning:  #177-D: variable "skip"  was declared but never referenced
          bool skip = false;
..\Soft_Drive\gdnftl.c(1527): warning:  #177-D: variable "j"  was declared but never referenced
      uint16_t j = 0;
..\Soft_Drive\gdnftl.c(1635): warning:  #177-D: variable "i"  was declared but never referenced
      uint16_t i, block;
..\Soft_Drive\gdnftl.c(1638): warning:  #177-D: variable "skip"  was declared but never referenced
      bool skip = false;
..\Soft_Drive\gdnftl.c(1822): warning:  #177-D: variable "tem_buffer_test"  was declared but never referenced
      uint8_t tem_buffer_test[SPI_NAND_PAGE_TOTAL_SIZE];
..\Soft_Drive\gdnftl.c(1723): warning:  #177-D: function "set_ABT"  was declared but never referenced
  static void set_ABT(uint16_t block_No, uint16_t value){
..\Soft_Drive\gdnftl.c(1734): warning:  #177-D: function "get_ABT"  was declared but never referenced
  static uint16_t get_ABT(uint16_t block_No){
..\Soft_Drive\gdnftl.c(1745): warning:  #177-D: function "set_BST"  was declared but never referenced
  static void set_BST(uint16_t block_No, uint16_t value){
..\Soft_Drive\gdnftl.c(1605): warning:  #177-D: function "get_empty_block"  was declared but never referenced
  static uint16_t get_empty_block(bool *array, size_t size, uint16_t ori_block) {
..\Soft_Drive\gdnftl.c(1584): warning:  #177-D: function "get_empty_block_num"  was declared but never referenced
  static uint16_t get_empty_block_num(bool *array) {
..\Soft_Drive\gdnftl.c: 16 warnings, 0 errors
linking...
Program Size: Code=11436 RO-data=996 RW-data=164 ZI-data=18196  
FromELF: creating hex file...
".\output\gdnftl.axf" - 0 Error(s), 16 Warning(s).

<h2>Software Packages used:</h2>

Package Vendor: GigaDevice
                https://gd32mcu.com/data/documents/pack/GigaDevice.GD32F4xx_DFP.3.0.3.pack
                GigaDevice::GD32F4xx_DFP@3.0.3
                GigaDevice GD32F4xx Series Device Support and Examples

<h2>Collection of Component include folders:</h2>
  C:/Users/weijie.huang/AppData/Local/Arm/Packs/GigaDevice/GD32F4xx_DFP/3.0.3/Device/F4XX/Include

<h2>Collection of Component Files used:</h2>
Build Time Elapsed:  00:00:02
</pre>
</body>
</html>
