200
567
128
428
323
277
293
330
566
201
726
376
146
552
692
473
299
593
237
421
745
673
18
578
188
301
667
399
778
611
319
666
620
534
642
755
788
411
160
424
590
672
283
782
110
727
669
777
235
211
332
521
427
668
34
451
541
311
603
46
125
691
304
59
15
19
531
475
307
257
654
164
266
478
794
60
789
198
124
65
123
210
328
267
604
422
80
754
680
716
544
137
297
243
183
310
107
530
580
79
784
356
387
273
278
178
89
665
401
40
127
390
498
368
97
406
748
49
795
41
517
627
85
647
212
779
557
342
753
533
742
91
66
388
704
633
675
582
713
481
797
396
725
217
502
490
6
571
397
264
143
275
650
223
443
236
798
174
717
511
136
159
685
661
491
573
383
279
214
693
253
55
595
522
423
295
171
29
261
512
87
510
344
158
199
765
313
294
756
104
225
338
296
559
699
190
220
412
418
632
32
42
52
62
72
82
92
102
112
122
132
142
152
162
172
182
192
204
215
221
730
740
750
760
770
780
791
2
12
22
58
3
458
697
468
479
63
226
625
549
5
599
695
168
409
564
508
579
689
519
118
709
25
260
218
240
570
325
94
419
646
769
785
624
461
663
435
288
466
483
432
608
708
271
216
528
109
476
31
656
768
148
265
75
366
449
574
64
569
537
154
596
436
276
274
776
558
69
771
229
591
694
430
242
147
626
615
518
617
129
457
520
417
670
375
425
420
308
538
543
77
448
612
153
542
677
553
415
230
71
774
361
405
282
601
605
259
467
507
339
444
741
394
163
698
634
378
252
103
247
718
101
343
353
73
130
181
529
165
465
431
453
607
167
364
26
202
450
126
382
250
106
360
43
354
631
86
289
402
95
562
340
488
714
747
287
548
503
231
175
584
434
619
514
57
554
35
238
505
759
36
281
270
707
314
463
39
687
391
644
193
352
370
720
758
470
639
292
219
484
793
17
455
524
222
509
195
379
206
597
369
565
316
638
743
345
622
88
679
711
460
245
246
706
389
477
588
732
715
602
318
536
372
322
786
655
150
187
671
359
600
156
341
48
398
263
586
74
385
151
1
550
7
464
386
446
355
105
392
377
186
703
286
20
232
630
111
358
516
441
371
613
269
472
764
676
56
280
629
45
442
729
37
227
659
410
772
16
616
439
492
635
545
99
346
746
205
189
469
684
185
305
738
581
447
67
416
598
228
10
752
775
312
705
244
767
262
495
496
331
587
610
585
403
731
27
363
400
459
61
139
8
438
589
207
13
592
336
98
480
28
374
577
700
213
254
209
609
560
258
134
499
744
239
203
763
583
272
452
303
50
682
749
606
116
135
551
184
761
739
719
525
321
649
70
657
44
690
381
556
256
614
404
11
547
662
333
96
357
255
641
196
568
145
180
426
535
766
120
501
576
674
621
335
686
658
114
157
100
268
637
298
527
315
628
9
4
33
326
773
113
249
618
493
291
445
640
494
561
751
489
724
462
51
300
320
486
757
395
737
532
487
456
78
76
285
177
121
284
365
373
241
722
170
796
350
115
688
393
413
454
636
497
140
653
317
683
575
429
783
327
787
652
144
384
141
47
414
678
471
440
224
176
234
712
149
54
504
194
131
197
334
696
84
648
208
173
68
701
736
500
367
309
433
191
474
735
482
792
623
555
81
248
251
506
513
108
119
233
523
38
762
53
93
179
485
546
90
728
664
166
14
117
563
681
539
594
23
329
408
83
155
790
702
380
0
723
24
302
21
643
721
306
651
526
337
733
290
324
347
437
781
515
572
645
349
138
710
362
660
540
407
734
161
133
348
169
30
351
799
